// Jest Snapshot v1, https://goo.gl/fbAQLP

exports[`Test at <GiftGridItem /> Component render 1`] = `ShallowWrapper {}`;
